// Jest Snapshot v1, https://goo.gl/fbAQLP

exports[`Todo list normal case 1`] = `
<div
  className="todoList"
>
  <div
    className="todoList-header"
  >
    <h2>
      Todo List
    </h2>
    <button
      className="MuiButton-root MuiButton-contained MuiButton-containedError MuiButton-sizeMedium MuiButton-containedSizeMedium MuiButtonBase-root  css-1sszw6i-MuiButtonBase-root-MuiButton-root"
      disabled={false}
      onBlur={[Function]}
      onClick={[Function]}
      onContextMenu={[Function]}
      onDragLeave={[Function]}
      onFocus={[Function]}
      onKeyDown={[Function]}
      onKeyUp={[Function]}
      onMouseDown={[Function]}
      onMouseLeave={[Function]}
      onMouseUp={[Function]}
      onTouchEnd={[Function]}
      onTouchMove={[Function]}
      onTouchStart={[Function]}
      tabIndex={0}
      type="button"
    >
      Clear complated
    </button>
  </div>
</div>
`;
